******************************************************************************
                  TI ARM Linker PC v20.2.5                     
******************************************************************************
>> Linked Thu Jan 26 19:24:09 2023

OUTPUT FILE NAME:   <Practica_8_M.out>
ENTRY POINT SYMBOL: "_c_int00_noargs"  address: 000024d5


MEMORY CONFIGURATION

         name            origin    length      used     unused   attr    fill
----------------------  --------  ---------  --------  --------  ----  --------
  FLASH                 00000000   00040000  00002a35  0003d5cb  R  X
  SRAM                  20000000   00008000  00000204  00007dfc  RW X


SEGMENT ALLOCATION MAP

run origin  load origin   length   init length attrs members
----------  ----------- ---------- ----------- ----- -------
00000000    00000000    00002a38   00002a38    r-x
  00000000    00000000    0000026c   0000026c    r-- .intvecs
  0000026c    0000026c    000023b0   000023b0    r-x .text
  0000261c    0000261c    00000401   00000401    r-- .const
  00002a20    00002a20    00000018   00000018    r-- .cinit
20000000    20000000    00000204   00000000    rw-
  20000000    20000000    00000200   00000000    rw- .stack
  20000200    20000200    00000004   00000000    rw- .data


SECTION ALLOCATION MAP

 output                                  attributes/
section   page    origin      length       input sections
--------  ----  ----------  ----------   ----------------
.intvecs   0    00000000    0000026c     
                  00000000    0000026c     tm4c123gh6pm_startup_ccs.obj (.intvecs)

.text      0    0000026c    000023b0     
                  0000026c    00000a4e     rtsv7M4_T_le_v4SPD16_eabi.lib : _printfi.c.obj (.text:__TI_printfi)
                  00000cba    00000002                                   : div0.asm.obj (.text)
                  00000cbc    00000420     OLED.obj (.text)
                  000010dc    00000270     rtsv7M4_T_le_v4SPD16_eabi.lib : _printfi.c.obj (.text:_pconv_a)
                  0000134c    000001d0                                   : _printfi.c.obj (.text:_pconv_g)
                  0000151c    000001b6                                   : fd_add_t2.asm.obj (.text)
                  000016d2    00000002     --HOLE-- [fill = 0]
                  000016d4    0000013c                                   : _printfi.c.obj (.text:_pconv_e)
                  00001810    00000136                                   : fd_div_t2.asm.obj (.text)
                  00001946    00000002     --HOLE-- [fill = 0]
                  00001948    00000124                                   : _printfi.c.obj (.text:fcvt)
                  00001a6c    00000110                                   : s_scalbn.c.obj (.text:scalbn)
                  00001b7c    000000fc                                   : fd_mul_t2.asm.obj (.text)
                  00001c78    000000b4     main.obj (.text)
                  00001d2c    000000b1     rtsv7M4_T_le_v4SPD16_eabi.lib : _printfi.c.obj (.text:_ltostr)
                  00001ddd    00000001     --HOLE-- [fill = 0]
                  00001dde    0000009c                                   : memcpy_t2.asm.obj (.text)
                  00001e7a    00000096                                   : ull_div_t2.asm.obj (.text)
                  00001f10    00000086                                   : fd_cmp_t2.asm.obj (.text:__aeabi_cdcmple)
                  00001f96    00000086                                   : fd_cmp_t2.asm.obj (.text:__aeabi_cdrcmple)
                  0000201c    0000007a                                   : memset_t2.asm.obj (.text)
                  00002096    00000002     --HOLE-- [fill = 0]
                  00002098    00000074     PLL.obj (.text)
                  0000210c    0000006e     rtsv7M4_T_le_v4SPD16_eabi.lib : _printfi.c.obj (.text:_mcpy)
                  0000217a    00000068                                   : copy_decompress_lzss.c.obj (.text:decompress:lzss:__TI_decompress_lzss)
                  000021e2    00000002     --HOLE-- [fill = 0]
                  000021e4    00000064                                   : s_frexp.c.obj (.text:frexp)
                  00002248    00000056                                   : _printfi.c.obj (.text:_pconv_f)
                  0000229e    00000054                                   : _ltoa.c.obj (.text:__TI_ltoa)
                  000022f2    00000052                                   : _printfi.c.obj (.text:_ecpy)
                  00002344    0000004c                                   : atoi.c.obj (.text:atoi)
                  00002390    00000048                                   : fd_toi_t2.asm.obj (.text)
                  000023d8    00000044                                   : autoinit.c.obj (.text:__TI_auto_init_nobinit_nopinit:__TI_auto_init_nobinit_nopinit)
                  0000241c    00000040                                   : sprintf.c.obj (.text:sprintf)
                  0000245c    0000003e                                   : _printfi.c.obj (.text:_fcpy)
                  0000249a    00000038                                   : fs_tod_t2.asm.obj (.text)
                  000024d2    00000002     --HOLE-- [fill = 0]
                  000024d4    00000034                                   : boot_cortex_m.c.obj (.text:_c_int00_noargs:_c_int00_noargs)
                  00002508    0000002e                                   : i_tofd_t2.asm.obj (.text)
                  00002536    00000028                                   : memmov.c.obj (.text:memmove)
                  0000255e    0000001c                                   : memccpy.c.obj (.text:memccpy)
                  0000257a    0000001a                                   : s_copysign.c.obj (.text:copysign)
                  00002594    00000018                                   : sprintf.c.obj (.text:_outs)
                  000025ac    00000016                                   : strchr.c.obj (.text:strchr)
                  000025c2    00000014                                   : strlen.c.obj (.text:strlen)
                  000025d6    00000012                                   : wcslen.c.obj (.text:wcslen)
                  000025e8    0000000e                                   : copy_decompress_none.c.obj (.text:decompress:none:__TI_decompress_none)
                  000025f6    0000000c     tm4c123gh6pm_startup_ccs.obj (.text)
                  00002602    0000000a     rtsv7M4_T_le_v4SPD16_eabi.lib : sprintf.c.obj (.text:_outc)
                  0000260c    00000008                                   : errno.c.obj (.text:__aeabi_errno_addr)
                  00002614    00000004                                   : pre_init.c.obj (.text:_system_pre_init)
                  00002618    00000004                                   : exit.c.obj (.text:abort:abort)

.const     0    0000261c    00000401     
                  0000261c    00000300     OLED.obj (.const:OledFont)
                  0000291c    00000101     rtsv7M4_T_le_v4SPD16_eabi.lib : ctype.c.obj (.const:.string:_ctypes_)

.cinit     0    00002a20    00000018     
                  00002a20    00000008     (__TI_handler_table)
                  00002a28    00000007     (.cinit..data.load) [load image, compression = lzss]
                  00002a2f    00000001     --HOLE-- [fill = 0]
                  00002a30    00000008     (__TI_cinit_table)

.init_array 
*          0    00000000    00000000     UNINITIALIZED

.data      0    20000200    00000004     UNINITIALIZED
                  20000200    00000004     rtsv7M4_T_le_v4SPD16_eabi.lib : errno.c.obj (.data)

.stack     0    20000000    00000200     UNINITIALIZED
                  20000000    00000004     rtsv7M4_T_le_v4SPD16_eabi.lib : boot_cortex_m.c.obj (.stack)
                  20000004    000001fc     --HOLE--

__llvm_prf_cnts 
*          0    20000000    00000000     UNINITIALIZED

MODULE SUMMARY

       Module                         code   ro data   rw data
       ------                         ----   -------   -------
    .\
       OLED.obj                       1056   768       0      
       tm4c123gh6pm_startup_ccs.obj   12     620       0      
       main.obj                       180    0         0      
       PLL.obj                        116    0         0      
    +--+------------------------------+------+---------+---------+
       Total:                         1364   1388      0      
                                                              
    C:\ti\ccs1110\ccs\tools\compiler\ti-cgt-arm_20.2.5.LTS\lib\rtsv7M4_T_le_v4SPD16_eabi.lib
       _printfi.c.obj                 4851   0         0      
       fd_add_t2.asm.obj              438    0         0      
       fd_div_t2.asm.obj              310    0         0      
       s_scalbn.c.obj                 272    0         0      
       fd_cmp_t2.asm.obj              268    0         0      
       ctype.c.obj                    0      257       0      
       fd_mul_t2.asm.obj              252    0         0      
       memcpy_t2.asm.obj              156    0         0      
       ull_div_t2.asm.obj             150    0         0      
       memset_t2.asm.obj              122    0         0      
       copy_decompress_lzss.c.obj     104    0         0      
       s_frexp.c.obj                  100    0         0      
       sprintf.c.obj                  98     0         0      
       _ltoa.c.obj                    84     0         0      
       atoi.c.obj                     76     0         0      
       fd_toi_t2.asm.obj              72     0         0      
       autoinit.c.obj                 68     0         0      
       fs_tod_t2.asm.obj              56     0         0      
       boot_cortex_m.c.obj            52     0         0      
       i_tofd_t2.asm.obj              46     0         0      
       memmov.c.obj                   40     0         0      
       memccpy.c.obj                  28     0         0      
       s_copysign.c.obj               26     0         0      
       strchr.c.obj                   22     0         0      
       strlen.c.obj                   20     0         0      
       wcslen.c.obj                   18     0         0      
       copy_decompress_none.c.obj     14     0         0      
       errno.c.obj                    8      0         4      
       exit.c.obj                     4      0         0      
       pre_init.c.obj                 4      0         0      
       div0.asm.obj                   2      0         0      
    +--+------------------------------+------+---------+---------+
       Total:                         7761   257       4      
                                                              
       Stack:                         0      0         512    
       Linker Generated:              0      23        0      
    +--+------------------------------+------+---------+---------+
       Grand Total:                   9125   1668      516    


LINKER GENERATED COPY TABLES

__TI_cinit_table @ 00002a30 records: 1, size/record: 8, table size: 8
	.data: load addr=00002a28, load size=00000007 bytes, run addr=20000200, run size=00000004 bytes, compression=lzss


LINKER GENERATED HANDLER TABLE

__TI_handler_table @ 00002a20 records: 2, size/record: 4, table size: 8
	index: 0, handler: __TI_decompress_lzss
	index: 1, handler: __TI_decompress_none


GLOBAL SYMBOLS: SORTED ALPHABETICALLY BY Name 

address   name                          
-------   ----                          
00002619  C$$EXIT                       
00002099  Configurar_PLL                
00001077  Delay_ms                      
00000cbd  I2C3_Init                     
00000d19  I2C3_Wr                       
00000d89  I2C3_Write_Multiple           
00000f7d  OLED_Clear                    
00000e39  OLED_Command                  
00000e4d  OLED_Data                     
00000e61  OLED_Init                     
00000f31  OLED_PutChar                  
00001051  OLED_Write_Float              
0000101d  OLED_Write_Integer            
00000fdf  OLED_Write_String             
00000efb  OLED_YX                       
0000261c  OledFont                      
000025f7  ResetISR                      
000010b9  SystemInit                    
20000200  __STACK_END                   
00000200  __STACK_SIZE                  
20000200  __STACK_TOP                   
00002a30  __TI_CINIT_Base               
00002a38  __TI_CINIT_Limit              
00002a20  __TI_Handler_Table_Base       
00002a28  __TI_Handler_Table_Limit      
000023d9  __TI_auto_init_nobinit_nopinit
0000217b  __TI_decompress_lzss          
000025e9  __TI_decompress_none          
0000229f  __TI_ltoa                     
ffffffff  __TI_pprof_out_hndl           
0000026d  __TI_printfi                  
ffffffff  __TI_prof_data_size           
ffffffff  __TI_prof_data_start          
00000000  __TI_static_base__            
00001f11  __aeabi_cdcmpeq               
00001f11  __aeabi_cdcmple               
00001f97  __aeabi_cdrcmple              
00002391  __aeabi_d2iz                  
00001527  __aeabi_dadd                  
00001811  __aeabi_ddiv                  
00001b7d  __aeabi_dmul                  
0000151d  __aeabi_dsub                  
0000260d  __aeabi_errno_addr            
0000249b  __aeabi_f2d                   
00002509  __aeabi_i2d                   
00000cbb  __aeabi_idiv0                 
00000cbb  __aeabi_ldiv0                 
0000201d  __aeabi_memclr                
0000201d  __aeabi_memclr4               
0000201d  __aeabi_memclr8               
00001ddf  __aeabi_memcpy                
00001ddf  __aeabi_memcpy4               
00001ddf  __aeabi_memcpy8               
0000201f  __aeabi_memset                
0000201f  __aeabi_memset4               
0000201f  __aeabi_memset8               
00001e7b  __aeabi_uldivmod              
ffffffff  __binit__                     
ffffffff  __c_args__                    
UNDEFED   __mpu_init                    
20000000  __stack                       
20000000  __start___llvm_prf_cnts       
20000000  __stop___llvm_prf_cnts        
000024d5  _c_int00_noargs               
0000291c  _ctypes_                      
UNDEFED   _system_post_cinit            
00002615  _system_pre_init              
00002619  abort                         
00002345  atoi                          
ffffffff  binit                         
0000257b  copysign                      
0000257b  copysignl                     
20000200  errno                         
000021e5  frexp                         
000021e5  frexpl                        
00000000  g_pfnVectors                  
00001a6d  ldexp                         
00001a6d  ldexpl                        
00001c79  main                          
0000255f  memccpy                       
00001ddf  memcpy                        
00002537  memmove                       
00002025  memset                        
00001a6d  scalbn                        
00001a6d  scalbnl                       
0000241d  sprintf                       
000025ad  strchr                        
000025c3  strlen                        
000025d7  wcslen                        


GLOBAL SYMBOLS: SORTED BY Symbol Address 

address   name                          
-------   ----                          
00000000  __TI_static_base__            
00000000  g_pfnVectors                  
00000200  __STACK_SIZE                  
0000026d  __TI_printfi                  
00000cbb  __aeabi_idiv0                 
00000cbb  __aeabi_ldiv0                 
00000cbd  I2C3_Init                     
00000d19  I2C3_Wr                       
00000d89  I2C3_Write_Multiple           
00000e39  OLED_Command                  
00000e4d  OLED_Data                     
00000e61  OLED_Init                     
00000efb  OLED_YX                       
00000f31  OLED_PutChar                  
00000f7d  OLED_Clear                    
00000fdf  OLED_Write_String             
0000101d  OLED_Write_Integer            
00001051  OLED_Write_Float              
00001077  Delay_ms                      
000010b9  SystemInit                    
0000151d  __aeabi_dsub                  
00001527  __aeabi_dadd                  
00001811  __aeabi_ddiv                  
00001a6d  ldexp                         
00001a6d  ldexpl                        
00001a6d  scalbn                        
00001a6d  scalbnl                       
00001b7d  __aeabi_dmul                  
00001c79  main                          
00001ddf  __aeabi_memcpy                
00001ddf  __aeabi_memcpy4               
00001ddf  __aeabi_memcpy8               
00001ddf  memcpy                        
00001e7b  __aeabi_uldivmod              
00001f11  __aeabi_cdcmpeq               
00001f11  __aeabi_cdcmple               
00001f97  __aeabi_cdrcmple              
0000201d  __aeabi_memclr                
0000201d  __aeabi_memclr4               
0000201d  __aeabi_memclr8               
0000201f  __aeabi_memset                
0000201f  __aeabi_memset4               
0000201f  __aeabi_memset8               
00002025  memset                        
00002099  Configurar_PLL                
0000217b  __TI_decompress_lzss          
000021e5  frexp                         
000021e5  frexpl                        
0000229f  __TI_ltoa                     
00002345  atoi                          
00002391  __aeabi_d2iz                  
000023d9  __TI_auto_init_nobinit_nopinit
0000241d  sprintf                       
0000249b  __aeabi_f2d                   
000024d5  _c_int00_noargs               
00002509  __aeabi_i2d                   
00002537  memmove                       
0000255f  memccpy                       
0000257b  copysign                      
0000257b  copysignl                     
000025ad  strchr                        
000025c3  strlen                        
000025d7  wcslen                        
000025e9  __TI_decompress_none          
000025f7  ResetISR                      
0000260d  __aeabi_errno_addr            
00002615  _system_pre_init              
00002619  C$$EXIT                       
00002619  abort                         
0000261c  OledFont                      
0000291c  _ctypes_                      
00002a20  __TI_Handler_Table_Base       
00002a28  __TI_Handler_Table_Limit      
00002a30  __TI_CINIT_Base               
00002a38  __TI_CINIT_Limit              
20000000  __stack                       
20000000  __start___llvm_prf_cnts       
20000000  __stop___llvm_prf_cnts        
20000200  __STACK_END                   
20000200  __STACK_TOP                   
20000200  errno                         
ffffffff  __TI_pprof_out_hndl           
ffffffff  __TI_prof_data_size           
ffffffff  __TI_prof_data_start          
ffffffff  __binit__                     
ffffffff  __c_args__                    
ffffffff  binit                         
UNDEFED   __mpu_init                    
UNDEFED   _system_post_cinit            

[89 symbols]
